c:\users\kgbo2\downloads\개발\프로젝트&포트폴리오\c_real_time_network_tool\c_real_time_network_tool\x64\debug\vc143.pdb
c:\users\kgbo2\downloads\개발\프로젝트&포트폴리오\c_real_time_network_tool\c_real_time_network_tool\x64\debug\vc143.idb
c:\users\kgbo2\downloads\개발\프로젝트&포트폴리오\c_real_time_network_tool\c_real_time_network_tool\x64\debug\main.obj
c:\users\kgbo2\downloads\개발\프로젝트&포트폴리오\c_real_time_network_tool\x64\debug\c_real_time_network_tool.exe
c:\users\kgbo2\downloads\개발\프로젝트&포트폴리오\c_real_time_network_tool\x64\debug\c_real_time_network_tool.pdb
c:\users\kgbo2\downloads\개발\프로젝트&포트폴리오\c_real_time_network_tool\c_real_time_network_tool\x64\debug\c_real_time_network_tool.ilk
c:\users\kgbo2\downloads\development\project_portfolio\network-monitoring-tool\network-monitoring-tool\c_real_time_network_tool\x64\debug\main.obj
c:\users\kgbo2\downloads\development\project_portfolio\network-monitoring-tool\network-monitoring-tool\c_real_time_network_tool\x64\debug\c_real_time_network_tool.ilk
c:\users\kgbo2\downloads\development\project_portfolio\network-monitoring-tool\network-monitoring-tool\c_real_time_network_tool\x64\debug\vc143.idb
c:\users\kgbo2\downloads\development\project_portfolio\network-monitoring-tool\network-monitoring-tool\c_real_time_network_tool\x64\debug\vc143.pdb
c:\users\kgbo2\downloads\development\project_portfolio\network-monitoring-tool\network-monitoring-tool\x64\debug\c_real_time_network_tool.pdb
c:\users\kgbo2\downloads\development\project_portfolio\network-monitoring-tool\network-monitoring-tool\x64\debug\c_real_time_network_tool.exe
c:\users\kgbo2\downloads\development\project_portfolio\network-monitoring-tool\network-monitoring-tool\c_real_time_network_tool\x64\debug\c_real_t.4c996c0f.tlog\cl.command.1.tlog
c:\users\kgbo2\downloads\development\project_portfolio\network-monitoring-tool\network-monitoring-tool\c_real_time_network_tool\x64\debug\c_real_t.4c996c0f.tlog\cl.items.tlog
c:\users\kgbo2\downloads\development\project_portfolio\network-monitoring-tool\network-monitoring-tool\c_real_time_network_tool\x64\debug\c_real_t.4c996c0f.tlog\cl.read.1.tlog
c:\users\kgbo2\downloads\development\project_portfolio\network-monitoring-tool\network-monitoring-tool\c_real_time_network_tool\x64\debug\c_real_t.4c996c0f.tlog\cl.write.1.tlog
c:\users\kgbo2\downloads\development\project_portfolio\network-monitoring-tool\network-monitoring-tool\c_real_time_network_tool\x64\debug\c_real_t.4c996c0f.tlog\link.command.1.tlog
c:\users\kgbo2\downloads\development\project_portfolio\network-monitoring-tool\network-monitoring-tool\c_real_time_network_tool\x64\debug\c_real_t.4c996c0f.tlog\link.read.1.tlog
c:\users\kgbo2\downloads\development\project_portfolio\network-monitoring-tool\network-monitoring-tool\c_real_time_network_tool\x64\debug\c_real_t.4c996c0f.tlog\link.secondary.1.tlog
c:\users\kgbo2\downloads\development\project_portfolio\network-monitoring-tool\network-monitoring-tool\c_real_time_network_tool\x64\debug\c_real_t.4c996c0f.tlog\link.write.1.tlog
